root@vmx1> show configuration | display set | match bgp 
set policy-options policy-statement TO-CORE term REMOTE-LOOPBACKS from protocol bgp
set policy-options policy-statement TO-CORE term FROM-AGG-PES from protocol bgp
set policy-options policy-statement TO-CORE term ROUTE-TARGET-FILTERING from protocol bgp
set policy-options policy-statement TO-CORE term ROUTE-TARGET-FILTERING from rib bgp.rtarget.0
set protocols bgp group RR type internal
set protocols bgp group RR local-address 1.1.11.1
set protocols bgp group RR advertise-inactive
set protocols bgp group RR family inet labeled-unicast resolve-vpn
set protocols bgp group RR family inet-vpn unicast
set protocols bgp group RR family l2vpn signaling
set protocols bgp group RR family route-target
set protocols bgp group RR export TO-CORE
set protocols bgp group RR neighbor 1.1.11.10 description RR
set protocols bgp group AS200 type internal
set protocols bgp group AS200 local-address 1.1.11.1
set protocols bgp group AS200 family inet labeled-unicast rib inet.3
set protocols bgp group AS200 family inet-vpn unicast
set protocols bgp group AS200 family l2vpn signaling
set protocols bgp group AS200 export L0-AS100
set protocols bgp group AS200 neighbor 1.1.1.1 description xrv1
set protocols bgp group AS200 neighbor 1.1.1.1 peer-as 100

root@vmx1> show bgp summary                                
Threading mode: BGP I/O
Default eBGP mode: advertise - accept, receive - accept
Groups: 2 Peers: 2 Down peers: 1
Table          Tot Paths  Act Paths Suppressed    History Damp State    Pending
bgp.rtarget.0        
                       0          0          0          0          0          0
inet.0               
                       5          2          0          0          0          0
bgp.l3vpn.0          
                       5          5          0          0          0          0
bgp.l2vpn.0          
                       0          0          0          0          0          0
inet.3               
                       0          0          0          0          0          0
Peer                     AS      InPkt     OutPkt    OutQ   Flaps Last Up/Dwn State|#Active/Received/Accepted/Damped...
1.1.1.1                 100          0          0       0       0       37:19 Active
1.1.11.10               100         93         83       0       0       35:02 Establ
  inet.0: 2/5/5/0
  bgp.l3vpn.0: 5/5/5/0
  bgp.l2vpn.0: 0/0/0/0
  A.inet.0: 5/5/5/0                     

root@vmx1> show route receive-protocol bgp 1.1.11.10    

inet.0: 20 destinations, 23 routes (20 active, 0 holddown, 0 hidden)
  Prefix                  Nexthop              MED     Lclpref    AS path
  1.1.11.2/32             1.1.11.2                     100        I
  1.1.11.3/32             1.1.11.3                     100        I
  1.1.11.4/32             1.1.11.4                     100        I
* 1.1.56.5/32             1.1.11.3             1       100        I
* 1.1.56.6/32             1.1.11.3             1       100        I

inet.3: 6 destinations, 9 routes (6 active, 0 holddown, 0 hidden)
  Prefix                  Nexthop              MED     Lclpref    AS path
  1.1.11.2/32             1.1.11.2                     100        I
  1.1.11.3/32             1.1.11.3                     100        I
  1.1.11.4/32             1.1.11.4                     100        I
* 1.1.56.5/32             1.1.11.3             1       100        I
* 1.1.56.6/32             1.1.11.3             1       100        I

A.inet.0: 6 destinations, 6 routes (6 active, 0 holddown, 0 hidden)
  Prefix                  Nexthop              MED     Lclpref    AS path
* 12.12.12.2/32           1.1.11.2                     100        I
* 12.12.12.3/32           1.1.11.3                     100        I
* 12.12.12.4/32           1.1.11.4                     100        I
* 12.12.12.5/32           1.1.11.3             1       100        I
* 12.12.12.6/32           1.1.11.3             1       100        I

iso.0: 1 destinations, 1 routes (1 active, 0 holddown, 0 hidden)

mpls.0: 15 destinations, 15 routes (15 active, 0 holddown, 0 hidden)

bgp.l3vpn.0: 5 destinations, 5 routes (5 active, 0 holddown, 0 hidden)
  Prefix                  Nexthop              MED     Lclpref    AS path
  1.1.11.1:1:12.12.12.5/32                    
*                         1.1.11.3             1       100        I
  1.1.11.1:1:12.12.12.6/32                    
*                         1.1.11.3             1       100        I
  1.1.11.2:1:12.12.12.2/32                    
*                         1.1.11.2                     100        I
  1.1.11.3:1:12.12.12.3/32                    
*                         1.1.11.3                     100        I
  1.1.11.4:1:12.12.12.4/32                    
*                         1.1.11.4                     100        I

inet6.0: 1 destinations, 1 routes (1 active, 0 holddown, 0 hidden)

A.inet6.0: 1 destinations, 1 routes (1 active, 0 holddown, 0 hidden)

l2circuit.0: 2 destinations, 2 routes (2 active, 0 holddown, 0 hidden)

bgp.rtarget.0: 2 destinations, 2 routes (2 active, 0 holddown, 0 hidden)

root@vmx1> 

root@vmx1> show route 1.1.56.5 

inet.0: 20 destinations, 23 routes (20 active, 0 holddown, 0 hidden)
+ = Active Route, - = Last Active, * = Both

1.1.56.5/32        *[BGP/170] 00:33:23, MED 1, localpref 100, from 1.1.11.10
                      AS path: I, validation-state: unverified
                    >  to 11.0.0.5 via ge-0/0/1.0, Push 26

inet.3: 6 destinations, 9 routes (6 active, 0 holddown, 0 hidden)
+ = Active Route, - = Last Active, * = Both

1.1.56.5/32        *[BGP/170] 00:33:23, MED 1, localpref 100, from 1.1.11.10
                      AS path: I, validation-state: unverified
                    >  to 11.0.0.5 via ge-0/0/1.0, Push 26

root@vmx1> show route 1.1.56.6    

inet.0: 20 destinations, 23 routes (20 active, 0 holddown, 0 hidden)
+ = Active Route, - = Last Active, * = Both

1.1.56.6/32        *[BGP/170] 00:33:22, MED 1, localpref 100, from 1.1.11.10
                      AS path: I, validation-state: unverified
                    >  to 11.0.0.5 via ge-0/0/1.0, Push 28

inet.3: 6 destinations, 9 routes (6 active, 0 holddown, 0 hidden)
+ = Active Route, - = Last Active, * = Both

1.1.56.6/32        *[BGP/170] 00:33:22, MED 1, localpref 100, from 1.1.11.10
                      AS path: I, validation-state: unverified
                    >  to 11.0.0.5 via ge-0/0/1.0, Push 28


root@vmx1> show route table A.inet.0 

A.inet.0: 6 destinations, 6 routes (6 active, 0 holddown, 0 hidden)
+ = Active Route, - = Last Active, * = Both

12.12.12.1/32      *[Direct/0] 00:38:26
                    >  via lo0.100
12.12.12.2/32      *[BGP/170] 00:36:13, localpref 100, from 1.1.11.10
                      AS path: I, validation-state: unverified
                    >  to 11.0.0.1 via ge-0/0/0.0, Push 16
12.12.12.3/32      *[BGP/170] 00:36:03, localpref 100, from 1.1.11.10
                      AS path: I, validation-state: unverified
                    >  to 11.0.0.5 via ge-0/0/1.0, Push 16
12.12.12.4/32      *[BGP/170] 00:36:14, localpref 100, from 1.1.11.10
                      AS path: I, validation-state: unverified
                       to 11.0.0.1 via ge-0/0/0.0, Push 16, Push 17(top)
                    >  to 11.0.0.5 via ge-0/0/1.0, Push 16, Push 19(top)
12.12.12.5/32      *[BGP/170] 00:33:51, MED 1, localpref 100, from 1.1.11.10
                      AS path: I, validation-state: unverified
                    >  to 11.0.0.5 via ge-0/0/1.0, Push 16
12.12.12.6/32      *[BGP/170] 00:33:49, MED 1, localpref 100, from 1.1.11.10
                      AS path: I, validation-state: unverified
                    >  to 11.0.0.5 via ge-0/0/1.0, Push 16

root@vmx1> show route table inet.3    

inet.3: 6 destinations, 9 routes (6 active, 0 holddown, 0 hidden)
+ = Active Route, - = Last Active, * = Both

1.1.11.2/32        *[LDP/9] 00:39:30, metric 1
                    >  to 11.0.0.1 via ge-0/0/0.0
                    [BGP/170] 00:00:08, localpref 100, from 1.1.11.10
                      AS path: I, validation-state: unverified
                    >  to 11.0.0.1 via ge-0/0/0.0
1.1.11.3/32        *[LDP/9] 00:39:20, metric 1
                    >  to 11.0.0.5 via ge-0/0/1.0
                    [BGP/170] 00:00:08, localpref 100, from 1.1.11.10
                      AS path: I, validation-state: unverified
                    >  to 11.0.0.5 via ge-0/0/1.0
1.1.11.4/32        *[LDP/9] 00:39:18, metric 1
                       to 11.0.0.1 via ge-0/0/0.0, Push 17
                    >  to 11.0.0.5 via ge-0/0/1.0, Push 19
                    [BGP/170] 00:00:08, localpref 100, from 1.1.11.10
                      AS path: I, validation-state: unverified
                       to 11.0.0.1 via ge-0/0/0.0, Push 17
                    >  to 11.0.0.5 via ge-0/0/1.0, Push 19
1.1.11.10/32       *[LDP/9] 00:39:18, metric 1
                    >  to 11.0.0.1 via ge-0/0/0.0, Push 20
                       to 11.0.0.5 via ge-0/0/1.0, Push 21
1.1.56.5/32        *[BGP/170] 00:00:08, MED 1, localpref 100, from 1.1.11.10
                      AS path: I, validation-state: unverified
                    >  to 11.0.0.5 via ge-0/0/1.0, Push 26
1.1.56.6/32        *[BGP/170] 00:00:08, MED 1, localpref 100, from 1.1.11.10
                      AS path: I, validation-state: unverified
                    >  to 11.0.0.5 via ge-0/0/1.0, Push 28

root@vmx1> show route table mpls.0    

mpls.0: 15 destinations, 15 routes (15 active, 0 holddown, 0 hidden)
+ = Active Route, - = Last Active, * = Both

0                  *[MPLS/0] 00:51:36, metric 1
                       to table inet.0
0(S=0)             *[MPLS/0] 00:51:36, metric 1
                       to table mpls.0
1                  *[MPLS/0] 00:51:36, metric 1
                       Receive
2                  *[MPLS/0] 00:51:36, metric 1
                       to table inet6.0
2(S=0)             *[MPLS/0] 00:51:36, metric 1
                       to table mpls.0
13                 *[MPLS/0] 00:51:36, metric 1
                       Receive
16                 *[VPN/0] 00:51:36
                    >  via lsi.0 (A), Pop      
17                 *[L2CKT/7] 00:01:11
                    >  via ge-0/0/4.0, Pop       Offset: 4
18                 *[LDP/9] 00:49:20, metric 1
                    >  to 11.0.0.5 via ge-0/0/1.0, Pop      
18(S=0)            *[LDP/9] 00:49:20, metric 1
                    >  to 11.0.0.5 via ge-0/0/1.0, Pop      
19                 *[LDP/9] 00:49:30, metric 1
                    >  to 11.0.0.1 via ge-0/0/0.0, Pop      
19(S=0)            *[LDP/9] 00:49:30, metric 1
                    >  to 11.0.0.1 via ge-0/0/0.0, Pop      
20                 *[LDP/9] 00:49:18, metric 1
                    >  to 11.0.0.1 via ge-0/0/0.0, Swap 17
                       to 11.0.0.5 via ge-0/0/1.0, Swap 19
21                 *[LDP/9] 00:49:18, metric 1
                    >  to 11.0.0.1 via ge-0/0/0.0, Swap 20
                       to 11.0.0.5 via ge-0/0/1.0, Swap 21
ge-0/0/4.0         *[L2CKT/7] 00:01:11, metric2 1
                    >  to 11.0.0.5 via ge-0/0/1.0, Push 17, Push 26(top) Offset: 252

root@vmx1> show route table mpls.0 | find ^ge-0/0/4.0 
ge-0/0/4.0         *[L2CKT/7] 00:02:35, metric2 1
                    >  to 11.0.0.5 via ge-0/0/1.0, Push 17, Push 26(top) Offset: 252

root@vmx1> show l2circuit connections 
Layer-2 Circuit Connections:

Legend for connection status (St)   
EI -- encapsulation invalid      NP -- interface h/w not present   
MM -- mtu mismatch               Dn -- down                       
EM -- encapsulation mismatch     VC-Dn -- Virtual circuit Down    
CM -- control-word mismatch      Up -- operational                
VM -- vlan id mismatch           CF -- Call admission control failure
OL -- no outgoing label          IB -- TDM incompatible bitrate 
NC -- intf encaps not CCC/TCC    TM -- TDM misconfiguration 
BK -- Backup Connection          ST -- Standby Connection
CB -- rcvd cell-bundle size bad  SP -- Static Pseudowire
LD -- local site signaled down   RS -- remote site standby
RD -- remote site signaled down  HS -- Hot-standby Connection
XX -- unknown

Legend for interface status  
Up -- operational            
Dn -- down                   
Neighbor: 1.1.56.5 
    Interface                 Type  St     Time last up          # Up trans
    ge-0/0/4.0(vc 15)         rmt   Up     Dec  2 20:21:51 2025           1
      Remote PE: 1.1.56.5, Negotiated control-word: Yes (Null)
      Incoming label: 17, Outgoing label: 17
      Negotiated PW status TLV: No
      Local interface: ge-0/0/4.0, Status: Up, Encapsulation: ETHERNET
      Flow Label Transmit: No, Flow Label Receive: No

root@vmx1> 

root@vmx1> configure 
Entering configuration mode

[edit]
root@vmx1# deactivate protocols bgp group RR family inet labeled-unicast

[edit]
root@vmx1# show | compare 
[edit protocols bgp group RR family inet]
!        inactive: labeled-unicast { ... }

[edit]
root@vmx1# commit 
kenv: unable to get vmtype
commit complete

[edit]

root@vmx1> show bgp summary 
Threading mode: BGP I/O
Default eBGP mode: advertise - accept, receive - accept
Groups: 2 Peers: 2 Down peers: 1
Table          Tot Paths  Act Paths Suppressed    History Damp State    Pending
bgp.rtarget.0        
                       0          0          0          0          0          0
inet.0               
                       0          0          0          0          0          0
bgp.l3vpn.0          
                       5          5          0          0          0          0
bgp.l2vpn.0          
                       0          0          0          0          0          0
inet.3               
                       0          0          0          0          0          0
Peer                     AS      InPkt     OutPkt    OutQ   Flaps Last Up/Dwn State|#Active/Received/Accepted/Damped...
1.1.1.1                 100          0          0       0       0       47:13 Active
1.1.11.10               100         12          7       0       0        1:43 Establ
  bgp.l3vpn.0: 5/5/5/0
  bgp.l2vpn.0: 0/0/0/0
  A.inet.0: 5/5/5/0
                                   
root@vmx1> show route receive-protocol bgp 1.1.11.10    

inet.0: 18 destinations, 18 routes (18 active, 0 holddown, 0 hidden)

inet.3: 4 destinations, 4 routes (4 active, 0 holddown, 0 hidden)

A.inet.0: 6 destinations, 6 routes (6 active, 0 holddown, 0 hidden)
  Prefix                  Nexthop              MED     Lclpref    AS path
* 12.12.12.2/32           1.1.11.2                     100        I
* 12.12.12.3/32           1.1.11.3                     100        I
* 12.12.12.4/32           1.1.11.4                     100        I
* 12.12.12.5/32           1.1.11.3             1       100        I
* 12.12.12.6/32           1.1.11.3             1       100        I

iso.0: 1 destinations, 1 routes (1 active, 0 holddown, 0 hidden)

mpls.0: 15 destinations, 15 routes (14 active, 1 holddown, 1 hidden)

bgp.l3vpn.0: 5 destinations, 5 routes (5 active, 0 holddown, 0 hidden)
  Prefix                  Nexthop              MED     Lclpref    AS path
  1.1.11.1:1:12.12.12.5/32                    
*                         1.1.11.3             1       100        I
  1.1.11.1:1:12.12.12.6/32                    
*                         1.1.11.3             1       100        I
  1.1.11.2:1:12.12.12.2/32                    
*                         1.1.11.2                     100        I
  1.1.11.3:1:12.12.12.3/32                    
*                         1.1.11.3                     100        I
  1.1.11.4:1:12.12.12.4/32                    
*                         1.1.11.4                     100        I

inet6.0: 1 destinations, 1 routes (1 active, 0 holddown, 0 hidden)

A.inet6.0: 1 destinations, 1 routes (1 active, 0 holddown, 0 hidden)

l2circuit.0: 1 destinations, 1 routes (1 active, 0 holddown, 0 hidden)

bgp.rtarget.0: 2 destinations, 2 routes (2 active, 0 holddown, 0 hidden)

root@vmx1> 

root@vmx1> show route table A.inet.0                    

A.inet.0: 6 destinations, 6 routes (6 active, 0 holddown, 0 hidden)
+ = Active Route, - = Last Active, * = Both

12.12.12.1/32      *[Direct/0] 00:39:45
                    >  via lo0.100
12.12.12.2/32      *[BGP/170] 00:00:37, localpref 100, from 1.1.11.10
                      AS path: I, validation-state: unverified
                    >  to 11.0.0.1 via ge-0/0/0.0, Push 16
12.12.12.3/32      *[BGP/170] 00:00:37, localpref 100, from 1.1.11.10
                      AS path: I, validation-state: unverified
                    >  to 11.0.0.5 via ge-0/0/1.0, Push 16
12.12.12.4/32      *[BGP/170] 00:00:37, localpref 100, from 1.1.11.10
                      AS path: I, validation-state: unverified
                       to 11.0.0.1 via ge-0/0/0.0, Push 16, Push 17(top)
                    >  to 11.0.0.5 via ge-0/0/1.0, Push 16, Push 19(top)
12.12.12.5/32      *[BGP/170] 00:00:37, MED 1, localpref 100, from 1.1.11.10
                      AS path: I, validation-state: unverified
                    >  to 11.0.0.5 via ge-0/0/1.0, Push 16
12.12.12.6/32      *[BGP/170] 00:00:37, MED 1, localpref 100, from 1.1.11.10
                      AS path: I, validation-state: unverified
                    >  to 11.0.0.5 via ge-0/0/1.0, Push 16

root@vmx1> 

root@vmx1> show route table inet.3 

inet.3: 4 destinations, 4 routes (4 active, 0 holddown, 0 hidden)
+ = Active Route, - = Last Active, * = Both

1.1.11.2/32        *[LDP/9] 00:38:35, metric 1
                    >  to 11.0.0.1 via ge-0/0/0.0
1.1.11.3/32        *[LDP/9] 00:38:25, metric 1
                    >  to 11.0.0.5 via ge-0/0/1.0
1.1.11.4/32        *[LDP/9] 00:38:23, metric 1
                       to 11.0.0.1 via ge-0/0/0.0, Push 17
                    >  to 11.0.0.5 via ge-0/0/1.0, Push 19
1.1.11.10/32       *[LDP/9] 00:38:23, metric 1
                    >  to 11.0.0.1 via ge-0/0/0.0, Push 20
                       to 11.0.0.5 via ge-0/0/1.0, Push 21

root@vmx1> show route 1.1.56.6                          

root@vmx1> show route 1.1.56.5    

root@vmx1> 

though vrf ping works between core and aggregation, l2circuits go down 

root@vmx1> ping rapid routing-instance A 12.12.12.1 
PING 12.12.12.1 (12.12.12.1): 56 data bytes
!!!!!
--- 12.12.12.1 ping statistics ---
5 packets transmitted, 5 packets received, 0% packet loss
round-trip min/avg/max/stddev = 0.008/0.021/0.069/0.024 ms

root@vmx1> ping rapid routing-instance A 12.12.12.2    
PING 12.12.12.2 (12.12.12.2): 56 data bytes
!!!!!
--- 12.12.12.2 ping statistics ---
5 packets transmitted, 5 packets received, 0% packet loss
round-trip min/avg/max/stddev = 1.018/1.301/1.502/0.179 ms

root@vmx1> ping rapid routing-instance A 12.12.12.3    
PING 12.12.12.3 (12.12.12.3): 56 data bytes
!!!!!
--- 12.12.12.3 ping statistics ---
5 packets transmitted, 5 packets received, 0% packet loss
round-trip min/avg/max/stddev = 1.081/1.281/1.429/0.135 ms

root@vmx1> ping rapid routing-instance A 12.12.12.4    
PING 12.12.12.4 (12.12.12.4): 56 data bytes
!!!!!
--- 12.12.12.4 ping statistics ---
5 packets transmitted, 5 packets received, 0% packet loss
round-trip min/avg/max/stddev = 1.877/2.171/2.409/0.188 ms

root@vmx1> ping rapid routing-instance A 12.12.12.5    
PING 12.12.12.5 (12.12.12.5): 56 data bytes
!!!!!
--- 12.12.12.5 ping statistics ---
5 packets transmitted, 5 packets received, 0% packet loss
round-trip min/avg/max/stddev = 1.962/2.790/5.188/1.205 ms

root@vmx1> ping rapid routing-instance A 12.12.12.6    
PING 12.12.12.6 (12.12.12.6): 56 data bytes
!!!!!
--- 12.12.12.6 ping statistics ---
5 packets transmitted, 5 packets received, 0% packet loss
round-trip min/avg/max/stddev = 2.483/2.789/3.034/0.185 ms

root@vmx1> 


root@vmx1> show l2circuit connections    
Layer-2 Circuit Connections:

Legend for connection status (St)   
EI -- encapsulation invalid      NP -- interface h/w not present   
MM -- mtu mismatch               Dn -- down                       
EM -- encapsulation mismatch     VC-Dn -- Virtual circuit Down    
CM -- control-word mismatch      Up -- operational                
VM -- vlan id mismatch           CF -- Call admission control failure
OL -- no outgoing label          IB -- TDM incompatible bitrate 
NC -- intf encaps not CCC/TCC    TM -- TDM misconfiguration 
BK -- Backup Connection          ST -- Standby Connection
CB -- rcvd cell-bundle size bad  SP -- Static Pseudowire
LD -- local site signaled down   RS -- remote site standby
RD -- remote site signaled down  HS -- Hot-standby Connection
XX -- unknown

Legend for interface status  
Up -- operational            
Dn -- down                   
Neighbor: 1.1.56.5 
    Interface                 Type  St     Time last up          # Up trans
    ge-0/0/4.0(vc 15)         rmt   VC-Dn  -----                          1
      Remote PE: 1.1.56.5, Negotiated control-word: Yes (Null)
      Incoming label: 17, Outgoing label: 17
      Negotiated PW status TLV: No
      Local interface: ge-0/0/4.0, Status: Up, Encapsulation: ETHERNET
      Flow Label Transmit: No, Flow Label Receive: No


root@vmx1> show route table mpls.0 

mpls.0: 13 destinations, 13 routes (13 active, 0 holddown, 0 hidden)
+ = Active Route, - = Last Active, * = Both

0                  *[MPLS/0] 00:49:54, metric 1
                       to table inet.0
0(S=0)             *[MPLS/0] 00:49:54, metric 1
                       to table mpls.0
1                  *[MPLS/0] 00:49:54, metric 1
                       Receive
2                  *[MPLS/0] 00:49:54, metric 1
                       to table inet6.0
2(S=0)             *[MPLS/0] 00:49:54, metric 1
                       to table mpls.0
13                 *[MPLS/0] 00:49:54, metric 1
                       Receive
16                 *[VPN/0] 00:49:54
                    >  via lsi.0 (A), Pop      
18                 *[LDP/9] 00:47:38, metric 1
                    >  to 11.0.0.5 via ge-0/0/1.0, Pop      
18(S=0)            *[LDP/9] 00:47:38, metric 1
                    >  to 11.0.0.5 via ge-0/0/1.0, Pop      
19                 *[LDP/9] 00:47:48, metric 1
                    >  to 11.0.0.1 via ge-0/0/0.0, Pop      
19(S=0)            *[LDP/9] 00:47:48, metric 1
                    >  to 11.0.0.1 via ge-0/0/0.0, Pop      
20                 *[LDP/9] 00:47:36, metric 1
                    >  to 11.0.0.1 via ge-0/0/0.0, Swap 17
                       to 11.0.0.5 via ge-0/0/1.0, Swap 19
21                 *[LDP/9] 00:47:36, metric 1
                    >  to 11.0.0.1 via ge-0/0/0.0, Swap 20
                       to 11.0.0.5 via ge-0/0/1.0, Swap 21


root@vmx1> show route table mpls.0 | find ^ge-0/0/4.0    

Pattern not found





